// Jest Snapshot v1, https://goo.gl/fbAQLP

exports[`<Main /> should render the heading 1`] = `
<main
  class="sc-bcXGWu lalshL"
>
  <img
    alt="Imagem de um átomo e React Avançado escrito ao lado."
    class="sc-gswPWN hpgTJH"
    src="/img/logo.svg"
  />
  <h1
    class="sc-dkrGVk eZRYUo"
  >
    React Avançado
  </h1>
  <h2
    class="sc-hLBbCX fdXkUw"
  >
    Typescript, ReactJS, NextJS e Styled Components
  </h2>
  <img
    alt="Um desenvolvedor de frente para uma tela com código."
    class="sc-eDvSBu dlUaLI"
    src="/img/hero-illustration.svg"
  />
</main>
`;
