// Jest Snapshot v1, https://goo.gl/fbAQLP

exports[`<Main /> should render the heading 1`] = `
<main
  class="styles__Wrapper-hltjS hOkYeq"
>
  <img
    alt="Imagem de um átomo e React Avançado escrito ao lado."
    class="styles__Logo-bSythm NMFFg"
    src="/img/logo.svg"
  />
  <h1
    class="styles__Title-cLTxCJ hreTOS"
  >
    React Avançado
  </h1>
  <h2
    class="styles__Description-elPSwT RmoMr"
  >
    Typescript, ReactJS, NextJS e Styled Components
  </h2>
  <img
    alt="Um desenvolvedor de frente para uma tela com código."
    class="styles__Illustration-fyDffJ fbRGMV"
    src="/img/hero-illustration.svg"
  />
</main>
`;
